node.exe : ts-jest[config] (WARN) 
[94mmessage[0m[90m TS151001: 
[0mIf you have issues related to 
imports, you should consider setting 
`esModuleInterop` to `true` in your 
TypeScript configuration file 
(usually `tsconfig.json`). See https:/
/blogs.msdn.microsoft.com/typescript/2
018/01/31/announcing-typescript-2-7/#e
asier-ecmascript-module-interoperabili
ty for more information.
At line:1 char:1
+ & "E:\Coding\Scrimba/node.exe" "E:\C
oding\Scrimba/node_modules/npm/bi ...
+ ~~~~~~~~~~~~~~~~~~~~~~~~~~~~~~~~~~~~
~~~~~~~~~~~~~~~~~~~~~~~~~~~~~~~~~
    + CategoryInfo          : NotSpec 
   ified: (ts-jest[config]...re info  
  rmation.:String) [], RemoteExcept   
 ion
    + FullyQualifiedErrorId : NativeC 
   ommandError
 
FAIL src/components/MatchPercentageRin
g.test.tsx
  ΓùÅ Test suite failed to run

    [91merror[0m[90m TS5107: 
[0mOption 'moduleResolution=node10' 
is deprecated and will stop 
functioning in TypeScript 7.0. 
Specify compilerOption 
'"ignoreDeprecations": "6.0"' to 
silence this error.
      Visit https://aka.ms/ts6 for 
migration information.

Test Suites: 1 failed, 1 total
Tests:       0 total
Snapshots:   0 total
Time:        1.722 s
Ran all test suites matching src/compo
nents/MatchPercentageRing.test.tsx.
